// Jest Snapshot v1, https://goo.gl/fbAQLP

exports[`test sample 1`] = `
<div>
  <h1>
    HEY THERE! test snapshotsss
  </h1>
  ;
</div>
`;
